 --------------------------------------------------------------------------------------------------------------------
   Title                         Frames                 Mean                        SE                   SD
 --------------------------------------------------------------------------------------------------------------------
 Complex:
   BOND:                             25            1012.0395                    5.3681              26.8406
   ANGLE:                            25            2724.6832                    6.2198              31.0988
   DIHED:                            25            2900.1575                    5.8770              29.3850
   IMPRP:                            25             169.7236                    1.3459               6.7294
   KINETIC:                          25            4387.3429                    0.0000               0.0000
   E(ele)+G(sol):                    25           -8537.8200                   10.1235              50.6175
   E(VDW):                           25           -1222.0479                    5.7408              28.7040
   Total:                            25           -9759.8678                    9.4238              47.1189
 --------------------------------------------------------------------------------------------------------------------
 Receptor:
   BOND:                             25             993.6297                    5.3448              26.7238
   ANGLE:                            25            2670.8188                    5.7698              28.8489
   DIHED:                            25            2862.6387                    5.8832              29.4158
   IMPRP:                            25             168.2120                    1.3317               6.6587
   KINETIC:                          25            4436.5481                    0.0000               0.0000
   E(ele)+G(sol):                    25           -8493.0741                   10.2271              51.1354
   E(VDW):                           25           -1174.9296                    5.5098              27.5490
   Total:                            25           -9668.0037                    9.3078              46.5390
 --------------------------------------------------------------------------------------------------------------------
 Ligand:
   BOND:                             25              18.4098                    0.6351               3.1754
   ANGLE:                            25              53.8644                    1.1035               5.5173
   DIHED:                            25              37.5187                    0.4529               2.2645
   IMPRP:                            25               1.5116                    0.1689               0.8444
   KINETIC:                          25              99.6862                    0.0000               0.0000
   E(ele)+G(sol):                    25             -53.8118                    1.2050               6.0251
   E(VDW):                           25               5.0363                    0.5887               2.9434
   Total:                            25             -48.7755                    1.3571               6.7855
 --------------------------------------------------------------------------------------------------------------------
 Delta:
   BOND:                             25              -0.0000                    0.0000               0.0000
   ANGLE:                            25               0.0000                    0.0000               0.0000
   DIHED:                            25               0.0000                    0.0000               0.0001
   IMPRP:                            25               0.0000                    0.0000               0.0001
   KINETIC:                          25            -148.8914                    0.0000               0.0000
   E(ele)+G(sol):                    25               9.0660                    1.2934               6.4672
   E(VDW):                           25             -52.1545                    1.0534               5.2670
   G binding:                        25             -43.0886                +/- 1.5751               7.8757
 --------------------------------------------------------------------------------------------------------------------
 * All energy values are in kcal/mol
