# Project leader: Qifeng Bai, the official site of MolAICal: https://molaical.github.io or https://molaical.gitlab.io #

Executing Linux command: /home/feng/soft/namd3/namd3 +p1 complex.conf
Charm++: standalone mode (not using charmrun)
Charm++> Running in Multicore mode: 1 threads (PEs)
Charm++> Using recursive bisection (scheme 3) for topology aware partitions
Converse/Charm++ Commit ID: 
CharmLB> Load balancer assumes all CPUs are same.
Charm++> Running on 1 hosts (1 sockets x 8 cores x 2 PUs = 16-way SMP)
Charm++> cpu topology info is gathered in 0.000 seconds.
Info: Built with CUDA version 11080
Did not find +devices i,j,k,... argument, using all
Pe 0 physical rank 0 binding to CUDA device 0 on feng-System-Product-Name: 'NVIDIA GeForce RTX 2070 SUPER'  Mem: 7959MB  Rev: 7.5  PCI: 0:1:0
CharmLB> Load balancing instrumentation for communication is off.
Info: NAMD 3.0.1 for Linux-x86_64-multicore-CUDA
Info: 
Info: Please visit http://www.ks.uiuc.edu/Research/namd/
Info: for updates, documentation, and support information.
Info: 
Info: Please cite Phillips et al., J. Chem. Phys. 153:044130 (2020) doi:10.1063/5.0014475
Info: in all publications reporting results obtained with NAMD.
Info: 
Info: Based on Charm++/Converse 80000 for multicore-linux-x86_64-gcc
Info: Built Mon Oct 14 10:33:44 CDT 2024 by dhardy on athine.ks.uiuc.edu
Info: 1 NAMD  3.0.1  Linux-x86_64-multicore-CUDA  1    feng-System-Product-Name  feng
Info: Running on 1 processors, 1 nodes, 1 physical nodes.
Info: CPU topology information available.
Info: Charm++/Converse parallel runtime startup completed at 0.0852349 s
CkLoopLib is used in SMP with simple dynamic scheduling (converse-level notification)
Info: 0 MB of memory in use based on /proc/self/stat
Info: Configuration file is complex.conf
Info: Working in the current directory /home/feng/tutorial/004-MMGBSA
TCL: Suspending until startup complete.
Warning: The parameter fullElectFrequency now defaults to nonbondedFreq (1) rather than stepsPerCycle.
Warning: Always using force tables for GPU nonbonded kernel due to unsupported config parameters.
Info: SIMULATION PARAMETERS:
Info: TIMESTEP               1
Info: NUMBER OF STEPS        1
Info: STEPS PER CYCLE        20
Info: LOAD BALANCER  Centralized
Info: LOAD BALANCING STRATEGY  New Load Balancers -- DEFAULT
Info: LDB PERIOD             4000 steps
Info: FIRST LDB TIMESTEP     100
Info: LAST LDB TIMESTEP     -1
Info: LDB BACKGROUND SCALING 1
Info: HOM BACKGROUND SCALING 1
Info: MIN ATOMS PER PATCH    40
Info: EMPTY PATCH LOAD       40 ATOMS
Info: INITIAL TEMPERATURE    310
Info: CENTER OF MASS MOVING INITIALLY? YES
Info: DIELECTRIC             1
Info: EXCLUDE                SCALED ONE-FOUR
Info: 1-4 ELECTROSTATICS SCALED BY 1
Info: MODIFIED 1-4 VDW PARAMETERS WILL BE USED
Info: NO DCD TRAJECTORY OUTPUT
Info: NO EXTENDED SYSTEM TRAJECTORY OUTPUT
Info: NO VELOCITY DCD OUTPUT
Info: NO FORCE DCD OUTPUT
Info: OUTPUT FILENAME        complex
Info: BINARY OUTPUT FILES WILL BE USED
Info: NO RESTART FILE
Info: SWITCHING ACTIVE
Info: SWITCHING ON           15
Info: SWITCHING OFF          16
Info: PAIRLIST DISTANCE      16
Info: PAIRLIST SHRINK RATE   0.01
Info: PAIRLIST GROW RATE     0.01
Info: PAIRLIST TRIGGER       0.3
Info: PAIRLISTS PER CYCLE    2
Info: PAIRLISTS ENABLED
Info: MARGIN                 0
Info: HYDROGEN GROUP CUTOFF  2.5
Info: PATCH DIMENSION        18.5
Info: OUTPUT ENERGY PRECISION 4
Info: CROSSTERM ENERGY INCLUDED IN DIHEDRAL
Info: TIMING OUTPUT STEPS    100
Info: GBIS GENERALIZED BORN IMPLICIT SOLVENT ACTIVE
Info: GBIS SOLVENT DIELECTRIC: 78.5
Info: GBIS PROTEIN DIELECTRIC: 1
Info: GBIS COULOMB RADIUS OFFSET: 0.09 Ang
Info: GBIS ION CONCENTRATION: 0.15 M
Info: GBIS DEBYE SCREENING LENGTH: 8.00884 Ang
Info: GBIS DELTA: 1
Info: GBIS BETA: 0.8
Info: GBIS GAMMA: 4.85
Info: GBIS BORN RADIUS CUTOFF: 15 Ang
Info: GBIS MAX BORN RADIUS: 30 Ang
Info: SASA SURFACE TENSION: 0.0072 kcal/mol/Ang^2
Info: FULL ELECTROSTATIC EVALUATION FREQUENCY      1
Info: USING VERLET I (r-RESPA) MTS SCHEME.
Info: C1 SPLITTING OF LONG RANGE ELECTROSTATICS
Info: PLACING ATOMS IN PATCHES BY HYDROGEN GROUPS
Info: RANDOM NUMBER SEED     12345
Info: USE HYDROGEN BONDS?    NO
Info: COORDINATE PDB         complex.pdb
Info: STRUCTURE FILE         complex.psf
Info: PARAMETER file: CHARMM format! 
Info: PARAMETERS             par_all36_prot.prm
Info: PARAMETERS             par_all36_cgenff.prm
Info: PARAMETERS             ligand.str
Info: PARAMETERS             toppar_water_ions.str
Info: USING ARITHMETIC MEAN TO COMBINE L-J SIGMA PARAMETERS
Info: SKIPPING rtf SECTION IN STREAM FILE
Info: SUMMARY OF PARAMETERS:
Info: 664 BONDS
Info: 2020 ANGLES
Info: 4889 DIHEDRAL
Info: 164 IMPROPER
Info: 6 CROSSTERM
Info: 227 VDW
Info: 51 VDW_PAIRS
Info: 0 NBTHOLE_PAIRS
Info: TIME FOR READING PSF FILE: 0.376957
Info: Reading pdb file complex.pdb
Info: TIME FOR READING PDB FILE: 0.0038936
Info: 
Info: ****************************
Info: STRUCTURE SUMMARY:
Info: 4781 ATOMS
Info: 4836 BONDS
Info: 8703 ANGLES
Info: 12736 DIHEDRALS
Info: 857 IMPROPERS
Info: 304 CROSSTERMS
Info: 0 EXCLUSIONS
Info: 14343 DEGREES OF FREEDOM
Info: 2417 HYDROGEN GROUPS
Info: 4 ATOMS IN LARGEST HYDROGEN GROUP
Info: 2417 MIGRATION GROUPS
Info: 4 ATOMS IN LARGEST MIGRATION GROUP
Info: TOTAL MASS = 34475.5 amu
Info: TOTAL CHARGE = -4 e
Info: *****************************
Info: 
Info: Entering startup at 0.543842 s, 0 MB of memory in use
Info: Startup phase 0 took 6.214e-05 s, 0 MB of memory in use
Info: ADDED 26054 IMPLICIT EXCLUSIONS
Info: Startup phase 1 took 0.00361378 s, 0 MB of memory in use
Info: NONBONDED TABLE R-SQUARED SPACING: 0.0625
Info: NONBONDED TABLE SIZE: 833 POINTS
Info: ABSOLUTE IMPRECISION IN FAST TABLE ENERGY: 1.69407e-21 AT 15.998
Info: RELATIVE IMPRECISION IN FAST TABLE ENERGY: 1.15453e-16 AT 15.998
Info: ABSOLUTE IMPRECISION IN FAST TABLE FORCE: 8.47033e-22 AT 15.998
Info: RELATIVE IMPRECISION IN FAST TABLE FORCE: 1.14081e-16 AT 15.998
Info: INCONSISTENCY IN FAST TABLE ENERGY VS FORCE: 0.000290362 AT 0.251946
Info: INCONSISTENCY IN VDWA TABLE ENERGY VS FORCE: 0.0167626 AT 14.9979
Info: INCONSISTENCY IN VDWB TABLE ENERGY VS FORCE: 0.0678971 AT 14.9979
Info: Startup phase 2 took 0.000943628 s, 0 MB of memory in use
Info: Startup phase 3 took 3.0538e-05 s, 0 MB of memory in use
Info: Startup phase 4 took 1.1389e-05 s, 0 MB of memory in use
Info: Startup phase 5 took 9.936e-06 s, 0 MB of memory in use
Info: ORIGINAL ATOMS MINMAX IS -51.449 -20.593 28.129  -0.108 46.07 87.989
Info: ADJUSTED ATOMS MINMAX IS -45.6709 -13.1526 38.9646  -7.41213 37.6536 78.9384
Info: PATCH GRID IS 3 BY 3 BY 3
Info: PATCH GRID IS 1-AWAY BY 1-AWAY BY 1-AWAY
Info: LARGEST PATCH (13) HAS 611 ATOMS
Info: TORUS A SIZE 1 USING 0
Info: TORUS B SIZE 1 USING 0
Info: TORUS C SIZE 1 USING 0
Info: TORUS MINIMAL MESH SIZE IS 1 BY 1 BY 1
Info: Placed 100% of base nodes on same physical node as patch
Info: Startup phase 6 took 0.00144485 s, 0 MB of memory in use
Info: Startup phase 7 took 1.5495e-05 s, 0 MB of memory in use
Info: Updated CUDA force table with 4096 elements.
Info: Updated CUDA LJ table with 227 x 227 elements.
Info: Startup phase 8 took 0.00149154 s, 0 MB of memory in use
Info: Startup phase 9 took 2.242e-05 s, 0 MB of memory in use
Info: Startup phase 10 took 1.1466e-05 s, 0 MB of memory in use
Info: Startup phase 11 took 1.0532e-05 s, 0 MB of memory in use
LDB: Central LB being created...
Info: Startup phase 12 took 1.9426e-05 s, 0 MB of memory in use
Info: CREATING 382 COMPUTE OBJECTS
Info: Found 397 unique exclusion lists needing 2292 bytes
Info: Startup phase 13 took 0.00641641 s, 0 MB of memory in use
Info: Startup phase 14 took 2.7484e-05 s, 0 MB of memory in use
Info: Startup phase 15 took 4.7027e-05 s, 0 MB of memory in use
Info: Finished startup at 0.55802 s, 0 MB of memory in use

dcdplugin) detected standard 32-bit DCD file of native endianness
dcdplugin) CHARMM format DCD file (also NAMD 2.1 and later)
Info: Coordinate file complex.dcd opened for reading.
Info: Reading timestep from file.
Info: Updating unit cell from timestep.
Warning: Cell basis vectors should be specified before reading trajectory.
TCL: Setting parameter firstTimestep to 0
TCL: Running for 0 steps
Warning: Energy evaluation is expensive, increase computeEnergies to improve performance.
Warning: If computeEnergies is not defined, its value defaults to the same as outputEnergies, and increasing outputEnergies would be helpful to improve the performance.
ETITLE:      TS           BOND          ANGLE          DIHED          IMPRP               ELECT            VDW       BOUNDARY           MISC        KINETIC               TOTAL           TEMP      POTENTIAL         TOTAL3        TEMPAVG

ENERGY:       0      1030.1807      2717.8803      3000.1490       168.8425          -8548.8879     -1270.8014         0.0000         0.0000      4426.0485           1523.4116       310.5750     -2902.6369      1535.1870       310.5750

Info: Reading timestep from file.
Info: Updating unit cell from timestep.
Warning: Cell basis vectors should be specified before reading trajectory.
TCL: Setting parameter firstTimestep to 1
TCL: Running for 0 steps
ENERGY:       1      1013.0288      2686.7692      2925.0463       169.3961          -8484.5950     -1260.6566         0.0000         0.0000      4426.0485           1475.0373       310.5750     -2951.0112      1487.0674       310.5750

Info: Reading timestep from file.
Info: Updating unit cell from timestep.
Warning: Cell basis vectors should be specified before reading trajectory.
TCL: Setting parameter firstTimestep to 2
TCL: Running for 0 steps
ENERGY:       2      1026.9005      2678.0199      2902.0296       174.9443          -8507.9765     -1298.3105         0.0000         0.0000      4426.0485           1401.6558       310.5750     -3024.3927      1414.0151       310.5750

Info: Reading timestep from file.
Info: Updating unit cell from timestep.
Warning: Cell basis vectors should be specified before reading trajectory.
TCL: Setting parameter firstTimestep to 3
TCL: Running for 0 steps
ENERGY:       3      1009.6908      2680.2056      2927.0403       174.4197          -8531.9767     -1246.9143         0.0000         0.0000      4426.0485           1438.5140       310.5750     -2987.5345      1451.6866       310.5750

Info: Reading timestep from file.
Info: Updating unit cell from timestep.
Warning: Cell basis vectors should be specified before reading trajectory.
TCL: Setting parameter firstTimestep to 4
TCL: Running for 0 steps
ENERGY:       4      1005.2566      2706.2347      2894.3423       169.9046          -8572.4081     -1244.2753         0.0000         0.0000      4426.0485           1385.1032       310.5750     -3040.9453      1397.8836       310.5750

Info: Reading timestep from file.
Info: Updating unit cell from timestep.
Warning: Cell basis vectors should be specified before reading trajectory.
TCL: Setting parameter firstTimestep to 5
TCL: Running for 0 steps
ENERGY:       5      1041.5979      2674.7250      2918.1203       175.5059          -8550.4968     -1202.2059         0.0000         0.0000      4426.0485           1483.2950       310.5750     -2942.7535      1495.0262       310.5750

Info: Reading timestep from file.
Info: Updating unit cell from timestep.
Warning: Cell basis vectors should be specified before reading trajectory.
TCL: Setting parameter firstTimestep to 6
TCL: Running for 0 steps
ENERGY:       6       988.8768      2730.7071      2925.7648       164.4674          -8541.3301     -1245.5203         0.0000         0.0000      4426.0485           1449.0144       310.5750     -2977.0342      1461.8643       310.5750

Info: Reading timestep from file.
Info: Updating unit cell from timestep.
Warning: Cell basis vectors should be specified before reading trajectory.
TCL: Setting parameter firstTimestep to 7
TCL: Running for 0 steps
ENERGY:       7       940.0133      2778.3808      2883.0190       174.5935          -8485.8678     -1228.5709         0.0000         0.0000      4426.0485           1487.6164       310.5750     -2938.4321      1498.8082       310.5750

Info: Reading timestep from file.
Info: Updating unit cell from timestep.
Warning: Cell basis vectors should be specified before reading trajectory.
TCL: Setting parameter firstTimestep to 8
TCL: Running for 0 steps
ENERGY:       8      1019.2591      2751.8240      2876.6652       173.9090          -8598.9781     -1195.9210         0.0000         0.0000      4426.0485           1452.8068       310.5750     -2973.2418      1464.3129       310.5750

Info: Reading timestep from file.
Info: Updating unit cell from timestep.
Warning: Cell basis vectors should be specified before reading trajectory.
TCL: Setting parameter firstTimestep to 9
TCL: Running for 0 steps
ENERGY:       9      1029.5275      2740.3836      2909.3242       175.2129          -8499.9550     -1207.4665         0.0000         0.0000      4426.0485           1573.0751       310.5750     -2852.9734      1584.7235       310.5750

Info: Reading timestep from file.
Info: Updating unit cell from timestep.
Warning: Cell basis vectors should be specified before reading trajectory.
TCL: Setting parameter firstTimestep to 10
TCL: Running for 0 steps
ETITLE:      TS           BOND          ANGLE          DIHED          IMPRP               ELECT            VDW       BOUNDARY           MISC        KINETIC               TOTAL           TEMP      POTENTIAL         TOTAL3        TEMPAVG

ENERGY:      10      1010.5659      2698.9442      2896.4231       179.6319          -8574.3097     -1218.6513         0.0000         0.0000      4426.0485           1418.6525       310.5750     -3007.3960      1431.8852       310.5750

Info: Reading timestep from file.
Info: Updating unit cell from timestep.
Warning: Cell basis vectors should be specified before reading trajectory.
TCL: Setting parameter firstTimestep to 11
TCL: Running for 0 steps
ENERGY:      11      1026.7370      2767.8175      2909.1156       166.1719          -8567.7007     -1191.2580         0.0000         0.0000      4426.0485           1536.9319       310.5750     -2889.1166      1548.6713       310.5750

Info: Reading timestep from file.
Info: Updating unit cell from timestep.
Warning: Cell basis vectors should be specified before reading trajectory.
TCL: Setting parameter firstTimestep to 12
TCL: Running for 0 steps
ENERGY:      12      1015.7987      2730.8216      2922.2806       163.2250          -8587.3315     -1212.7110         0.0000         0.0000      4426.0485           1458.1319       310.5750     -2967.9166      1470.6707       310.5750

Info: Reading timestep from file.
Info: Updating unit cell from timestep.
Warning: Cell basis vectors should be specified before reading trajectory.
TCL: Setting parameter firstTimestep to 13
TCL: Running for 0 steps
ENERGY:      13       994.1649      2755.3649      2855.2901       167.6774          -8548.0566     -1212.0391         0.0000         0.0000      4426.0485           1438.4500       310.5750     -2987.5985      1450.5916       310.5750

Info: Reading timestep from file.
Info: Updating unit cell from timestep.
Warning: Cell basis vectors should be specified before reading trajectory.
TCL: Setting parameter firstTimestep to 14
TCL: Running for 0 steps
ENERGY:      14      1029.9447      2761.8116      2895.5216       164.6262          -8565.9254     -1194.6139         0.0000         0.0000      4426.0485           1517.4134       310.5750     -2908.6351      1529.0893       310.5750

Info: Reading timestep from file.
Info: Updating unit cell from timestep.
Warning: Cell basis vectors should be specified before reading trajectory.
TCL: Setting parameter firstTimestep to 15
TCL: Running for 0 steps
ENERGY:      15      1069.3877      2716.7382      2895.7659       155.6546          -8580.6642     -1202.4819         0.0000         0.0000      4426.0485           1480.4489       310.5750     -2945.5997      1492.2062       310.5750

Info: Reading timestep from file.
Info: Updating unit cell from timestep.
Warning: Cell basis vectors should be specified before reading trajectory.
TCL: Setting parameter firstTimestep to 16
TCL: Running for 0 steps
ENERGY:      16      1009.6294      2657.5778      2872.5704       157.5881          -8611.8080     -1225.1474         0.0000         0.0000      4426.0485           1286.4588       310.5750     -3139.5897      1299.5655       310.5750

Info: Reading timestep from file.
Info: Updating unit cell from timestep.
Warning: Cell basis vectors should be specified before reading trajectory.
TCL: Setting parameter firstTimestep to 17
TCL: Running for 0 steps
ENERGY:      17       985.0254      2709.7826      2903.5876       174.8198          -8596.2406     -1204.7339         0.0000         0.0000      4426.0485           1398.2895       310.5750     -3027.7590      1411.4099       310.5750

Info: Reading timestep from file.
Info: Updating unit cell from timestep.
Warning: Cell basis vectors should be specified before reading trajectory.
TCL: Setting parameter firstTimestep to 18
TCL: Running for 0 steps
ENERGY:      18      1052.9481      2744.8968      2875.6966       177.5584          -8365.1343     -1258.2119         0.0000         0.0000      4426.0485           1653.8023       310.5750     -2772.2462      1665.5880       310.5750

Info: Reading timestep from file.
Info: Updating unit cell from timestep.
Warning: Cell basis vectors should be specified before reading trajectory.
TCL: Setting parameter firstTimestep to 19
TCL: Running for 0 steps
ENERGY:      19       999.3697      2737.9650      2870.6190       176.4720          -8519.3383     -1197.0385         0.0000         0.0000      4426.0485           1494.0974       310.5750     -2931.9511      1506.6249       310.5750

LDB: ============= START OF LOAD BALANCING ============== 1.6001
LDB: ============== END OF LOAD BALANCING =============== 1.60011
LDB: =============== DONE WITH MIGRATION ================ 1.60013
Info: Reading timestep from file.
Info: Updating unit cell from timestep.
Warning: Cell basis vectors should be specified before reading trajectory.
TCL: Setting parameter firstTimestep to 20
TCL: Running for 0 steps
ETITLE:      TS           BOND          ANGLE          DIHED          IMPRP               ELECT            VDW       BOUNDARY           MISC        KINETIC               TOTAL           TEMP      POTENTIAL         TOTAL3        TEMPAVG

ENERGY:      20       989.4515      2738.4680      2898.3266       179.7149          -8519.3820     -1200.2825         0.0000         0.0000      4426.0485           1512.3451       310.5750     -2913.7034      1524.0070       310.5750

Info: Reading timestep from file.
Info: Updating unit cell from timestep.
Warning: Cell basis vectors should be specified before reading trajectory.
TCL: Setting parameter firstTimestep to 21
TCL: Running for 0 steps
ENERGY:      21       979.9393      2755.3359      2878.6640       165.4774          -8474.8115     -1231.5522         0.0000         0.0000      4426.0485           1499.1014       310.5750     -2926.9471      1510.6947       310.5750

Info: Reading timestep from file.
Info: Updating unit cell from timestep.
Warning: Cell basis vectors should be specified before reading trajectory.
TCL: Setting parameter firstTimestep to 22
TCL: Running for 0 steps
ENERGY:      22       990.8261      2732.6708      2855.3992       171.9795          -8532.7210     -1170.5936         0.0000         0.0000      4426.0485           1473.6095       310.5750     -2952.4390      1486.3560       310.5750

Info: Reading timestep from file.
Info: Updating unit cell from timestep.
Warning: Cell basis vectors should be specified before reading trajectory.
TCL: Setting parameter firstTimestep to 23
TCL: Running for 0 steps
ENERGY:      23       993.5730      2720.7389      2885.7557       161.1792          -8532.0650     -1222.2929         0.0000         0.0000      4426.0485           1432.9374       310.5750     -2993.1111      1446.3699       310.5750

Info: Reading timestep from file.
Info: Updating unit cell from timestep.
Warning: Cell basis vectors should be specified before reading trajectory.
TCL: Setting parameter firstTimestep to 24
TCL: Running for 0 steps
ENERGY:      24      1049.3066      2743.0342      2927.4300       160.1183          -8547.5969     -1208.5040         0.0000         0.0000      4426.0485           1549.8368       310.5750     -2876.2117      1562.1370       310.5750

Info: Closing coordinate file.
WRITING EXTENDED SYSTEM TO OUTPUT FILE AT STEP 24
WRITING COORDINATES TO OUTPUT FILE AT STEP 24
The last position output (seq=-2) takes 0.000 seconds, 0.000 MB of memory in use
WRITING VELOCITIES TO OUTPUT FILE AT STEP 24
The last velocity output (seq=-2) takes 0.000 seconds, 0.000 MB of memory in use
====================================================

WallClock: 1.868744  CPUTime: 1.850401  Memory: 0.000000 MB
[Partition 0][Node 0] End of program
Process completed successfully with exit code: 0
