# Project leader: Qifeng Bai, the official site of MolAICal: https://molaical.github.io or https://molaical.gitlab.io #

Executing Linux command: /home/feng/soft/namd3/namd3 +p1 ligand.conf
Charm++: standalone mode (not using charmrun)
Charm++> Running in Multicore mode: 1 threads (PEs)
Charm++> Using recursive bisection (scheme 3) for topology aware partitions
Converse/Charm++ Commit ID: 
CharmLB> Load balancer assumes all CPUs are same.
Charm++> Running on 1 hosts (1 sockets x 8 cores x 2 PUs = 16-way SMP)
Charm++> cpu topology info is gathered in 0.000 seconds.
Info: Built with CUDA version 11080
Did not find +devices i,j,k,... argument, using all
Pe 0 physical rank 0 binding to CUDA device 0 on feng-System-Product-Name: 'NVIDIA GeForce RTX 2070 SUPER'  Mem: 7959MB  Rev: 7.5  PCI: 0:1:0
CharmLB> Load balancing instrumentation for communication is off.
Info: NAMD 3.0.1 for Linux-x86_64-multicore-CUDA
Info: 
Info: Please visit http://www.ks.uiuc.edu/Research/namd/
Info: for updates, documentation, and support information.
Info: 
Info: Please cite Phillips et al., J. Chem. Phys. 153:044130 (2020) doi:10.1063/5.0014475
Info: in all publications reporting results obtained with NAMD.
Info: 
Info: Based on Charm++/Converse 80000 for multicore-linux-x86_64-gcc
Info: Built Mon Oct 14 10:33:44 CDT 2024 by dhardy on athine.ks.uiuc.edu
Info: 1 NAMD  3.0.1  Linux-x86_64-multicore-CUDA  1    feng-System-Product-Name  feng
Info: Running on 1 processors, 1 nodes, 1 physical nodes.
Info: CPU topology information available.
Info: Charm++/Converse parallel runtime startup completed at 0.0834612 s
CkLoopLib is used in SMP with simple dynamic scheduling (converse-level notification)
Info: 0 MB of memory in use based on /proc/self/stat
Info: Configuration file is ligand.conf
Info: Working in the current directory /home/feng/tutorial/004-MMGBSA
TCL: Suspending until startup complete.
Warning: The parameter fullElectFrequency now defaults to nonbondedFreq (1) rather than stepsPerCycle.
Warning: Always using force tables for GPU nonbonded kernel due to unsupported config parameters.
Info: SIMULATION PARAMETERS:
Info: TIMESTEP               1
Info: NUMBER OF STEPS        1
Info: STEPS PER CYCLE        20
Info: LOAD BALANCER  Centralized
Info: LOAD BALANCING STRATEGY  New Load Balancers -- DEFAULT
Info: LDB PERIOD             4000 steps
Info: FIRST LDB TIMESTEP     100
Info: LAST LDB TIMESTEP     -1
Info: LDB BACKGROUND SCALING 1
Info: HOM BACKGROUND SCALING 1
Info: MIN ATOMS PER PATCH    40
Info: EMPTY PATCH LOAD       40 ATOMS
Info: INITIAL TEMPERATURE    310
Info: CENTER OF MASS MOVING INITIALLY? YES
Info: DIELECTRIC             1
Info: EXCLUDE                SCALED ONE-FOUR
Info: 1-4 ELECTROSTATICS SCALED BY 1
Info: MODIFIED 1-4 VDW PARAMETERS WILL BE USED
Info: NO DCD TRAJECTORY OUTPUT
Info: NO EXTENDED SYSTEM TRAJECTORY OUTPUT
Info: NO VELOCITY DCD OUTPUT
Info: NO FORCE DCD OUTPUT
Info: OUTPUT FILENAME        lig
Info: BINARY OUTPUT FILES WILL BE USED
Info: NO RESTART FILE
Info: SWITCHING ACTIVE
Info: SWITCHING ON           15
Info: SWITCHING OFF          16
Info: PAIRLIST DISTANCE      16
Info: PAIRLIST SHRINK RATE   0.01
Info: PAIRLIST GROW RATE     0.01
Info: PAIRLIST TRIGGER       0.3
Info: PAIRLISTS PER CYCLE    2
Info: PAIRLISTS ENABLED
Info: MARGIN                 0
Info: HYDROGEN GROUP CUTOFF  2.5
Info: PATCH DIMENSION        18.5
Info: OUTPUT ENERGY PRECISION 4
Info: CROSSTERM ENERGY INCLUDED IN DIHEDRAL
Info: TIMING OUTPUT STEPS    100
Info: GBIS GENERALIZED BORN IMPLICIT SOLVENT ACTIVE
Info: GBIS SOLVENT DIELECTRIC: 78.5
Info: GBIS PROTEIN DIELECTRIC: 1
Info: GBIS COULOMB RADIUS OFFSET: 0.09 Ang
Info: GBIS ION CONCENTRATION: 0.15 M
Info: GBIS DEBYE SCREENING LENGTH: 8.00884 Ang
Info: GBIS DELTA: 1
Info: GBIS BETA: 0.8
Info: GBIS GAMMA: 4.85
Info: GBIS BORN RADIUS CUTOFF: 15 Ang
Info: GBIS MAX BORN RADIUS: 30 Ang
Info: SASA SURFACE TENSION: 0.0072 kcal/mol/Ang^2
Info: FULL ELECTROSTATIC EVALUATION FREQUENCY      1
Info: USING VERLET I (r-RESPA) MTS SCHEME.
Info: C1 SPLITTING OF LONG RANGE ELECTROSTATICS
Info: PLACING ATOMS IN PATCHES BY HYDROGEN GROUPS
Info: RANDOM NUMBER SEED     12345
Info: USE HYDROGEN BONDS?    NO
Info: COORDINATE PDB         ligand.pdb
Info: STRUCTURE FILE         ligand.psf
Info: PARAMETER file: CHARMM format! 
Info: PARAMETERS             par_all36_prot.prm
Info: PARAMETERS             par_all36_cgenff.prm
Info: PARAMETERS             ligand.str
Info: PARAMETERS             toppar_water_ions.str
Info: USING ARITHMETIC MEAN TO COMBINE L-J SIGMA PARAMETERS
Info: SKIPPING rtf SECTION IN STREAM FILE
Info: SUMMARY OF PARAMETERS:
Info: 664 BONDS
Info: 2020 ANGLES
Info: 4889 DIHEDRAL
Info: 164 IMPROPER
Info: 6 CROSSTERM
Info: 227 VDW
Info: 51 VDW_PAIRS
Info: 0 NBTHOLE_PAIRS
Info: TIME FOR READING PSF FILE: 0.00419022
Info: Reading pdb file ligand.pdb
Info: TIME FOR READING PDB FILE: 9.2199e-05
Info: 
Info: ****************************
Info: STRUCTURE SUMMARY:
Info: 99 ATOMS
Info: 101 BONDS
Info: 181 ANGLES
Info: 262 DIHEDRALS
Info: 5 IMPROPERS
Info: 0 CROSSTERMS
Info: 0 EXCLUSIONS
Info: 297 DEGREES OF FREEDOM
Info: 49 HYDROGEN GROUPS
Info: 4 ATOMS IN LARGEST HYDROGEN GROUP
Info: 49 MIGRATION GROUPS
Info: 4 ATOMS IN LARGEST MIGRATION GROUP
Info: TOTAL MASS = 682.822 amu
Info: TOTAL CHARGE = 6.51926e-08 e
Info: *****************************
Info: 
Info: Entering startup at 0.165621 s, 0 MB of memory in use
Info: Startup phase 0 took 2.1878e-05 s, 0 MB of memory in use
Info: ADDED 531 IMPLICIT EXCLUSIONS
Info: Startup phase 1 took 0.00107152 s, 0 MB of memory in use
Info: NONBONDED TABLE R-SQUARED SPACING: 0.0625
Info: NONBONDED TABLE SIZE: 833 POINTS
Info: ABSOLUTE IMPRECISION IN FAST TABLE ENERGY: 1.69407e-21 AT 15.998
Info: RELATIVE IMPRECISION IN FAST TABLE ENERGY: 1.15453e-16 AT 15.998
Info: ABSOLUTE IMPRECISION IN FAST TABLE FORCE: 8.47033e-22 AT 15.998
Info: RELATIVE IMPRECISION IN FAST TABLE FORCE: 1.14081e-16 AT 15.998
Info: INCONSISTENCY IN FAST TABLE ENERGY VS FORCE: 0.000290362 AT 0.251946
Info: INCONSISTENCY IN VDWA TABLE ENERGY VS FORCE: 0.0167626 AT 14.9979
Info: INCONSISTENCY IN VDWB TABLE ENERGY VS FORCE: 0.0678971 AT 14.9979
Info: Startup phase 2 took 0.000876461 s, 0 MB of memory in use
Info: Startup phase 3 took 2.9496e-05 s, 0 MB of memory in use
Info: Startup phase 4 took 1.0225e-05 s, 0 MB of memory in use
Info: Startup phase 5 took 9.45e-06 s, 0 MB of memory in use
Info: ORIGINAL ATOMS MINMAX IS -15.185 0.808 62.47  -4.159 22.247 74.653
Info: ADJUSTED ATOMS MINMAX IS -14.2639 3.11875 63.6404  -6.88513 20.7212 74.1466
Info: PATCH GRID IS 2 BY 1 BY 1
Info: PATCH GRID IS 1-AWAY BY 1-AWAY BY 1-AWAY
Info: LARGEST PATCH (0) HAS 59 ATOMS
Info: TORUS A SIZE 1 USING 0
Info: TORUS B SIZE 1 USING 0
Info: TORUS C SIZE 1 USING 0
Info: TORUS MINIMAL MESH SIZE IS 1 BY 1 BY 1
Info: Placed 100% of base nodes on same physical node as patch
Info: Startup phase 6 took 7.7218e-05 s, 0 MB of memory in use
Info: Startup phase 7 took 1.2878e-05 s, 0 MB of memory in use
Info: Updated CUDA force table with 4096 elements.
Info: Updated CUDA LJ table with 227 x 227 elements.
Info: Startup phase 8 took 0.00146046 s, 0 MB of memory in use
Info: Startup phase 9 took 2.057e-05 s, 0 MB of memory in use
Info: Startup phase 10 took 1.0865e-05 s, 0 MB of memory in use
Info: Startup phase 11 took 1.0284e-05 s, 0 MB of memory in use
LDB: Central LB being created...
Info: Startup phase 12 took 1.69e-05 s, 0 MB of memory in use
Info: CREATING 25 COMPUTE OBJECTS
Info: Found 94 unique exclusion lists needing 1320 bytes
Info: Startup phase 13 took 0.00577234 s, 0 MB of memory in use
Info: Startup phase 14 took 3.0339e-05 s, 0 MB of memory in use
Info: Startup phase 15 took 1.7912e-05 s, 0 MB of memory in use
Info: Finished startup at 0.17507 s, 0 MB of memory in use

dcdplugin) detected standard 32-bit DCD file of native endianness
dcdplugin) CHARMM format DCD file (also NAMD 2.1 and later)
Info: Coordinate file ligand.dcd opened for reading.
Info: Reading timestep from file.
Info: Updating unit cell from timestep.
Warning: Cell basis vectors should be specified before reading trajectory.
TCL: Setting parameter firstTimestep to 0
TCL: Running for 0 steps
Warning: Energy evaluation is expensive, increase computeEnergies to improve performance.
Warning: If computeEnergies is not defined, its value defaults to the same as outputEnergies, and increasing outputEnergies would be helpful to improve the performance.
ETITLE:      TS           BOND          ANGLE          DIHED          IMPRP               ELECT            VDW       BOUNDARY           MISC        KINETIC               TOTAL           TEMP      POTENTIAL         TOTAL3        TEMPAVG

ENERGY:       0        18.7486        54.3080        35.8506         0.9528            -55.8450         4.0861         0.0000         0.0000        90.7364            148.8375       307.4790        58.1011       149.0643       307.4790

Info: Reading timestep from file.
Info: Updating unit cell from timestep.
Warning: Cell basis vectors should be specified before reading trajectory.
TCL: Setting parameter firstTimestep to 1
TCL: Running for 0 steps
ENERGY:       1        15.9593        42.4238        38.4545         0.9765            -55.2977        10.6140         0.0000         0.0000        90.7364            143.8668       307.4790        53.1304       144.1767       307.4790

Info: Reading timestep from file.
Info: Updating unit cell from timestep.
Warning: Cell basis vectors should be specified before reading trajectory.
TCL: Setting parameter firstTimestep to 2
TCL: Running for 0 steps
ENERGY:       2        14.2601        46.0862        39.7844         1.5865            -57.7904         4.6535         0.0000         0.0000        90.7364            139.3166       307.4790        48.5803       139.6484       307.4790

Info: Reading timestep from file.
Info: Updating unit cell from timestep.
Warning: Cell basis vectors should be specified before reading trajectory.
TCL: Setting parameter firstTimestep to 3
TCL: Running for 0 steps
ENERGY:       3        17.8759        53.8822        35.8710         0.2022            -53.2553         0.7287         0.0000         0.0000        90.7364            146.0411       307.4790        55.3047       146.2561       307.4790

Info: Reading timestep from file.
Info: Updating unit cell from timestep.
Warning: Cell basis vectors should be specified before reading trajectory.
TCL: Setting parameter firstTimestep to 4
TCL: Running for 0 steps
ENERGY:       4        18.6421        43.3430        39.7446         1.1479            -54.1095         2.3371         0.0000         0.0000        90.7364            141.8417       307.4790        51.1053       142.1516       307.4790

Info: Reading timestep from file.
Info: Updating unit cell from timestep.
Warning: Cell basis vectors should be specified before reading trajectory.
TCL: Setting parameter firstTimestep to 5
TCL: Running for 0 steps
ENERGY:       5        27.5805        55.4578        36.6265         2.8862            -52.7537        -0.2177         0.0000         0.0000        90.7364            160.3160       307.4790        69.5796       160.3285       307.4790

Info: Reading timestep from file.
Info: Updating unit cell from timestep.
Warning: Cell basis vectors should be specified before reading trajectory.
TCL: Setting parameter firstTimestep to 6
TCL: Running for 0 steps
ENERGY:       6        18.7411        54.9774        34.2391         1.4050            -54.7400         3.4199         0.0000         0.0000        90.7364            148.7790       307.4790        58.0426       148.8648       307.4790

Info: Reading timestep from file.
Info: Updating unit cell from timestep.
Warning: Cell basis vectors should be specified before reading trajectory.
TCL: Setting parameter firstTimestep to 7
TCL: Running for 0 steps
ENERGY:       7        21.2874        63.2935        39.2865         2.2760            -55.7277         2.2123         0.0000         0.0000        90.7364            163.3644       307.4790        72.6280       163.4161       307.4790

Info: Reading timestep from file.
Info: Updating unit cell from timestep.
Warning: Cell basis vectors should be specified before reading trajectory.
TCL: Setting parameter firstTimestep to 8
TCL: Running for 0 steps
ENERGY:       8        19.9976        60.1292        39.6368         3.1482            -33.0669         2.2522         0.0000         0.0000        90.7364            182.8334       307.4790        92.0970       182.8475       307.4790

Info: Reading timestep from file.
Info: Updating unit cell from timestep.
Warning: Cell basis vectors should be specified before reading trajectory.
TCL: Setting parameter firstTimestep to 9
TCL: Running for 0 steps
ENERGY:       9        17.9417        52.1855        38.0638         1.7994            -59.1610         3.5348         0.0000         0.0000        90.7364            145.1005       307.4790        54.3641       145.3685       307.4790

Info: Reading timestep from file.
Info: Updating unit cell from timestep.
Warning: Cell basis vectors should be specified before reading trajectory.
TCL: Setting parameter firstTimestep to 10
TCL: Running for 0 steps
ETITLE:      TS           BOND          ANGLE          DIHED          IMPRP               ELECT            VDW       BOUNDARY           MISC        KINETIC               TOTAL           TEMP      POTENTIAL         TOTAL3        TEMPAVG

ENERGY:      10        12.0879        55.7066        37.7522         1.0550            -57.3113         7.5414         0.0000         0.0000        90.7364            147.5682       307.4790        56.8318       147.8562       307.4790

Info: Reading timestep from file.
Info: Updating unit cell from timestep.
Warning: Cell basis vectors should be specified before reading trajectory.
TCL: Setting parameter firstTimestep to 11
TCL: Running for 0 steps
ENERGY:      11        19.2140        46.6474        39.4282         2.6050            -54.7637         4.8780         0.0000         0.0000        90.7364            148.7453       307.4790        58.0089       149.1082       307.4790

Info: Reading timestep from file.
Info: Updating unit cell from timestep.
Warning: Cell basis vectors should be specified before reading trajectory.
TCL: Setting parameter firstTimestep to 12
TCL: Running for 0 steps
ENERGY:      12        19.0995        55.5883        36.9556         2.4907            -59.1142         1.4013         0.0000         0.0000        90.7364            147.1577       307.4790        56.4213       147.4051       307.4790

Info: Reading timestep from file.
Info: Updating unit cell from timestep.
Warning: Cell basis vectors should be specified before reading trajectory.
TCL: Setting parameter firstTimestep to 13
TCL: Running for 0 steps
ENERGY:      13        16.7439        56.9229        33.5770         0.7590            -44.1432        10.0160         0.0000         0.0000        90.7364            164.6119       307.4790        73.8755       164.8146       307.4790

Info: Reading timestep from file.
Info: Updating unit cell from timestep.
Warning: Cell basis vectors should be specified before reading trajectory.
TCL: Setting parameter firstTimestep to 14
TCL: Running for 0 steps
ENERGY:      14        17.7766        64.8779        37.6386         1.1207            -53.6635         8.0242         0.0000         0.0000        90.7364            166.5108       307.4790        75.7744       166.5531       307.4790

Info: Reading timestep from file.
Info: Updating unit cell from timestep.
Warning: Cell basis vectors should be specified before reading trajectory.
TCL: Setting parameter firstTimestep to 15
TCL: Running for 0 steps
ENERGY:      15        17.6008        53.9897        41.7580         1.7116            -54.2602         6.3637         0.0000         0.0000        90.7364            157.9000       307.4790        67.1637       158.1074       307.4790

Info: Reading timestep from file.
Info: Updating unit cell from timestep.
Warning: Cell basis vectors should be specified before reading trajectory.
TCL: Setting parameter firstTimestep to 16
TCL: Running for 0 steps
ENERGY:      16        15.7373        53.3356        36.4194         1.0735            -53.5917         6.5880         0.0000         0.0000        90.7364            150.2985       307.4790        59.5621       150.5883       307.4790

Info: Reading timestep from file.
Info: Updating unit cell from timestep.
Warning: Cell basis vectors should be specified before reading trajectory.
TCL: Setting parameter firstTimestep to 17
TCL: Running for 0 steps
ENERGY:      17        18.1214        44.7463        36.1041         0.1924            -55.2972        10.8005         0.0000         0.0000        90.7364            145.4039       307.4790        54.6675       145.7766       307.4790

Info: Reading timestep from file.
Info: Updating unit cell from timestep.
Warning: Cell basis vectors should be specified before reading trajectory.
TCL: Setting parameter firstTimestep to 18
TCL: Running for 0 steps
ENERGY:      18        19.1166        56.8833        34.8749         1.8608            -58.3154         2.3831         0.0000         0.0000        90.7364            147.5397       307.4790        56.8033       147.7634       307.4790

Info: Reading timestep from file.
Info: Updating unit cell from timestep.
Warning: Cell basis vectors should be specified before reading trajectory.
TCL: Setting parameter firstTimestep to 19
TCL: Running for 0 steps
ENERGY:      19        19.4666        51.0981        39.4347         1.1585            -56.2705         5.1673         0.0000         0.0000        90.7364            150.7911       307.4790        60.0547       150.9798       307.4790

LDB: ============= START OF LOAD BALANCING ============== 0.194972
LDB: ============== END OF LOAD BALANCING =============== 0.194985
LDB: =============== DONE WITH MIGRATION ================ 0.194994
Info: Reading timestep from file.
Info: Updating unit cell from timestep.
Warning: Cell basis vectors should be specified before reading trajectory.
TCL: Setting parameter firstTimestep to 20
TCL: Running for 0 steps
ETITLE:      TS           BOND          ANGLE          DIHED          IMPRP               ELECT            VDW       BOUNDARY           MISC        KINETIC               TOTAL           TEMP      POTENTIAL         TOTAL3        TEMPAVG

ENERGY:      20        22.1147        54.2825        37.4948         3.1864            -39.8003         6.6841         0.0000         0.0000        90.7364            174.6985       307.4790        83.9621       174.8774       307.4790

Info: Reading timestep from file.
Info: Updating unit cell from timestep.
Warning: Cell basis vectors should be specified before reading trajectory.
TCL: Setting parameter firstTimestep to 21
TCL: Running for 0 steps
ENERGY:      21        20.4792        55.7151        40.6414         1.7225            -60.1795         5.8946         0.0000         0.0000        90.7364            155.0097       307.4790        64.2733       155.2223       307.4790

Info: Reading timestep from file.
Info: Updating unit cell from timestep.
Warning: Cell basis vectors should be specified before reading trajectory.
TCL: Setting parameter firstTimestep to 22
TCL: Running for 0 steps
ENERGY:      22        12.1363        57.8583        32.1461         0.2434            -58.1934         7.6272         0.0000         0.0000        90.7364            142.5543       307.4790        51.8179       142.8041       307.4790

Info: Reading timestep from file.
Info: Updating unit cell from timestep.
Warning: Cell basis vectors should be specified before reading trajectory.
TCL: Setting parameter firstTimestep to 23
TCL: Running for 0 steps
ENERGY:      23        16.7250        55.4603        37.1996         1.2797            -53.9827         3.4943         0.0000         0.0000        90.7364            150.9125       307.4790        60.1761       151.0929       307.4790

Info: Reading timestep from file.
Info: Updating unit cell from timestep.
Warning: Cell basis vectors should be specified before reading trajectory.
TCL: Setting parameter firstTimestep to 24
TCL: Running for 0 steps
ENERGY:      24        22.7936        57.4101        38.9853         0.9508            -54.6576         5.4291         0.0000         0.0000        90.7364            161.6477       307.4790        70.9113       161.8363       307.4790

Info: Closing coordinate file.
WRITING EXTENDED SYSTEM TO OUTPUT FILE AT STEP 24
WRITING COORDINATES TO OUTPUT FILE AT STEP 24
The last position output (seq=-2) takes 0.000 seconds, 0.000 MB of memory in use
WRITING VELOCITIES TO OUTPUT FILE AT STEP 24
The last velocity output (seq=-2) takes 0.000 seconds, 0.000 MB of memory in use
====================================================

WallClock: 0.199284  CPUTime: 0.182386  Memory: 0.000000 MB
[Partition 0][Node 0] End of program
Process completed successfully with exit code: 0
