# Project leader: Qifeng Bai, the official site of MolAICal: https://molaical.github.io or https://molaical.gitlab.io #

Executing Linux command: /home/feng/soft/namd3/namd3 +p1 protein.conf
Charm++: standalone mode (not using charmrun)
Charm++> Running in Multicore mode: 1 threads (PEs)
Charm++> Using recursive bisection (scheme 3) for topology aware partitions
Converse/Charm++ Commit ID: 
CharmLB> Load balancer assumes all CPUs are same.
Charm++> Running on 1 hosts (1 sockets x 8 cores x 2 PUs = 16-way SMP)
Charm++> cpu topology info is gathered in 0.000 seconds.
Info: Built with CUDA version 11080
Did not find +devices i,j,k,... argument, using all
Pe 0 physical rank 0 binding to CUDA device 0 on feng-System-Product-Name: 'NVIDIA GeForce RTX 2070 SUPER'  Mem: 7959MB  Rev: 7.5  PCI: 0:1:0
CharmLB> Load balancing instrumentation for communication is off.
Info: NAMD 3.0.1 for Linux-x86_64-multicore-CUDA
Info: 
Info: Please visit http://www.ks.uiuc.edu/Research/namd/
Info: for updates, documentation, and support information.
Info: 
Info: Please cite Phillips et al., J. Chem. Phys. 153:044130 (2020) doi:10.1063/5.0014475
Info: in all publications reporting results obtained with NAMD.
Info: 
Info: Based on Charm++/Converse 80000 for multicore-linux-x86_64-gcc
Info: Built Mon Oct 14 10:33:44 CDT 2024 by dhardy on athine.ks.uiuc.edu
Info: 1 NAMD  3.0.1  Linux-x86_64-multicore-CUDA  1    feng-System-Product-Name  feng
Info: Running on 1 processors, 1 nodes, 1 physical nodes.
Info: CPU topology information available.
Info: Charm++/Converse parallel runtime startup completed at 0.109774 s
CkLoopLib is used in SMP with simple dynamic scheduling (converse-level notification)
Info: 0 MB of memory in use based on /proc/self/stat
Info: Configuration file is protein.conf
Info: Working in the current directory /home/feng/tutorial/004-MMGBSA
TCL: Suspending until startup complete.
Warning: The parameter fullElectFrequency now defaults to nonbondedFreq (1) rather than stepsPerCycle.
Warning: Always using force tables for GPU nonbonded kernel due to unsupported config parameters.
Info: SIMULATION PARAMETERS:
Info: TIMESTEP               1
Info: NUMBER OF STEPS        1
Info: STEPS PER CYCLE        20
Info: LOAD BALANCER  Centralized
Info: LOAD BALANCING STRATEGY  New Load Balancers -- DEFAULT
Info: LDB PERIOD             4000 steps
Info: FIRST LDB TIMESTEP     100
Info: LAST LDB TIMESTEP     -1
Info: LDB BACKGROUND SCALING 1
Info: HOM BACKGROUND SCALING 1
Info: MIN ATOMS PER PATCH    40
Info: EMPTY PATCH LOAD       40 ATOMS
Info: INITIAL TEMPERATURE    310
Info: CENTER OF MASS MOVING INITIALLY? YES
Info: DIELECTRIC             1
Info: EXCLUDE                SCALED ONE-FOUR
Info: 1-4 ELECTROSTATICS SCALED BY 1
Info: MODIFIED 1-4 VDW PARAMETERS WILL BE USED
Info: NO DCD TRAJECTORY OUTPUT
Info: NO EXTENDED SYSTEM TRAJECTORY OUTPUT
Info: NO VELOCITY DCD OUTPUT
Info: NO FORCE DCD OUTPUT
Info: OUTPUT FILENAME        protein
Info: BINARY OUTPUT FILES WILL BE USED
Info: NO RESTART FILE
Info: SWITCHING ACTIVE
Info: SWITCHING ON           15
Info: SWITCHING OFF          16
Info: PAIRLIST DISTANCE      16
Info: PAIRLIST SHRINK RATE   0.01
Info: PAIRLIST GROW RATE     0.01
Info: PAIRLIST TRIGGER       0.3
Info: PAIRLISTS PER CYCLE    2
Info: PAIRLISTS ENABLED
Info: MARGIN                 0
Info: HYDROGEN GROUP CUTOFF  2.5
Info: PATCH DIMENSION        18.5
Info: OUTPUT ENERGY PRECISION 4
Info: CROSSTERM ENERGY INCLUDED IN DIHEDRAL
Info: TIMING OUTPUT STEPS    100
Info: GBIS GENERALIZED BORN IMPLICIT SOLVENT ACTIVE
Info: GBIS SOLVENT DIELECTRIC: 78.5
Info: GBIS PROTEIN DIELECTRIC: 1
Info: GBIS COULOMB RADIUS OFFSET: 0.09 Ang
Info: GBIS ION CONCENTRATION: 0.15 M
Info: GBIS DEBYE SCREENING LENGTH: 8.00884 Ang
Info: GBIS DELTA: 1
Info: GBIS BETA: 0.8
Info: GBIS GAMMA: 4.85
Info: GBIS BORN RADIUS CUTOFF: 15 Ang
Info: GBIS MAX BORN RADIUS: 30 Ang
Info: SASA SURFACE TENSION: 0.0072 kcal/mol/Ang^2
Info: FULL ELECTROSTATIC EVALUATION FREQUENCY      1
Info: USING VERLET I (r-RESPA) MTS SCHEME.
Info: C1 SPLITTING OF LONG RANGE ELECTROSTATICS
Info: PLACING ATOMS IN PATCHES BY HYDROGEN GROUPS
Info: RANDOM NUMBER SEED     12345
Info: USE HYDROGEN BONDS?    NO
Info: COORDINATE PDB         protein.pdb
Info: STRUCTURE FILE         protein.psf
Info: PARAMETER file: CHARMM format! 
Info: PARAMETERS             par_all36_prot.prm
Info: PARAMETERS             par_all36_cgenff.prm
Info: PARAMETERS             ligand.str
Info: PARAMETERS             toppar_water_ions.str
Info: USING ARITHMETIC MEAN TO COMBINE L-J SIGMA PARAMETERS
Info: SKIPPING rtf SECTION IN STREAM FILE
Info: SUMMARY OF PARAMETERS:
Info: 664 BONDS
Info: 2020 ANGLES
Info: 4889 DIHEDRAL
Info: 164 IMPROPER
Info: 6 CROSSTERM
Info: 227 VDW
Info: 51 VDW_PAIRS
Info: 0 NBTHOLE_PAIRS
Info: TIME FOR READING PSF FILE: 0.370145
Info: Reading pdb file protein.pdb
Info: TIME FOR READING PDB FILE: 0.00374776
Info: 
Info: ****************************
Info: STRUCTURE SUMMARY:
Info: 4682 ATOMS
Info: 4735 BONDS
Info: 8522 ANGLES
Info: 12474 DIHEDRALS
Info: 852 IMPROPERS
Info: 304 CROSSTERMS
Info: 0 EXCLUSIONS
Info: 14046 DEGREES OF FREEDOM
Info: 2368 HYDROGEN GROUPS
Info: 4 ATOMS IN LARGEST HYDROGEN GROUP
Info: 2368 MIGRATION GROUPS
Info: 4 ATOMS IN LARGEST MIGRATION GROUP
Info: TOTAL MASS = 33792.7 amu
Info: TOTAL CHARGE = -4 e
Info: *****************************
Info: 
Info: Entering startup at 0.563439 s, 0 MB of memory in use
Info: Startup phase 0 took 5.9986e-05 s, 0 MB of memory in use
Info: ADDED 25523 IMPLICIT EXCLUSIONS
Info: Startup phase 1 took 0.00377893 s, 0 MB of memory in use
Info: NONBONDED TABLE R-SQUARED SPACING: 0.0625
Info: NONBONDED TABLE SIZE: 833 POINTS
Info: ABSOLUTE IMPRECISION IN FAST TABLE ENERGY: 1.69407e-21 AT 15.998
Info: RELATIVE IMPRECISION IN FAST TABLE ENERGY: 1.15453e-16 AT 15.998
Info: ABSOLUTE IMPRECISION IN FAST TABLE FORCE: 8.47033e-22 AT 15.998
Info: RELATIVE IMPRECISION IN FAST TABLE FORCE: 1.14081e-16 AT 15.998
Info: INCONSISTENCY IN FAST TABLE ENERGY VS FORCE: 0.000290362 AT 0.251946
Info: INCONSISTENCY IN VDWA TABLE ENERGY VS FORCE: 0.0167626 AT 14.9979
Info: INCONSISTENCY IN VDWB TABLE ENERGY VS FORCE: 0.0678971 AT 14.9979
Info: Startup phase 2 took 0.00136501 s, 0 MB of memory in use
Info: Startup phase 3 took 2.8334e-05 s, 0 MB of memory in use
Info: Startup phase 4 took 2.2235e-05 s, 0 MB of memory in use
Info: Startup phase 5 took 1.9279e-05 s, 0 MB of memory in use
Info: ORIGINAL ATOMS MINMAX IS -51.449 -20.593 28.129  -0.108 46.07 87.989
Info: ADJUSTED ATOMS MINMAX IS -45.7082 -13.3974 38.82  -7.93575 37.8464 79.07
Info: PATCH GRID IS 3 BY 3 BY 3
Info: PATCH GRID IS 1-AWAY BY 1-AWAY BY 1-AWAY
Info: LARGEST PATCH (13) HAS 602 ATOMS
Info: TORUS A SIZE 1 USING 0
Info: TORUS B SIZE 1 USING 0
Info: TORUS C SIZE 1 USING 0
Info: TORUS MINIMAL MESH SIZE IS 1 BY 1 BY 1
Info: Placed 100% of base nodes on same physical node as patch
Info: Startup phase 6 took 0.00191811 s, 0 MB of memory in use
Info: Startup phase 7 took 2.9711e-05 s, 0 MB of memory in use
Info: Updated CUDA force table with 4096 elements.
Info: Updated CUDA LJ table with 227 x 227 elements.
Info: Startup phase 8 took 0.00200294 s, 0 MB of memory in use
Info: Startup phase 9 took 2.8639e-05 s, 0 MB of memory in use
Info: Startup phase 10 took 1.8538e-05 s, 0 MB of memory in use
Info: Startup phase 11 took 1.6728e-05 s, 0 MB of memory in use
LDB: Central LB being created...
Info: Startup phase 12 took 2.606e-05 s, 0 MB of memory in use
Info: CREATING 382 COMPUTE OBJECTS
Info: Found 303 unique exclusion lists needing 976 bytes
Info: Startup phase 13 took 0.00716453 s, 0 MB of memory in use
Info: Startup phase 14 took 3.0124e-05 s, 0 MB of memory in use
Info: Startup phase 15 took 4.7569e-05 s, 0 MB of memory in use
Info: Finished startup at 0.579996 s, 0 MB of memory in use

dcdplugin) detected standard 32-bit DCD file of native endianness
dcdplugin) CHARMM format DCD file (also NAMD 2.1 and later)
Info: Coordinate file protein.dcd opened for reading.
Info: Reading timestep from file.
Info: Updating unit cell from timestep.
Warning: Cell basis vectors should be specified before reading trajectory.
TCL: Setting parameter firstTimestep to 0
TCL: Running for 0 steps
Warning: Energy evaluation is expensive, increase computeEnergies to improve performance.
Warning: If computeEnergies is not defined, its value defaults to the same as outputEnergies, and increasing outputEnergies would be helpful to improve the performance.
ETITLE:      TS           BOND          ANGLE          DIHED          IMPRP               ELECT            VDW       BOUNDARY           MISC        KINETIC               TOTAL           TEMP      POTENTIAL         TOTAL3        TEMPAVG

ENERGY:       0      1011.4320      2663.5721      2964.2984       167.8897          -8505.8417     -1208.7923         0.0000         0.0000      4338.4782           1431.0364       310.8674     -2907.4418      1442.5795       310.8674

Info: Reading timestep from file.
Info: Updating unit cell from timestep.
Warning: Cell basis vectors should be specified before reading trajectory.
TCL: Setting parameter firstTimestep to 1
TCL: Running for 0 steps
ENERGY:       1       997.0693      2644.3453      2886.5917       168.4196          -8437.1870     -1215.5704         0.0000         0.0000      4338.4782           1382.1468       310.8674     -2956.3314      1393.8498       310.8674

Info: Reading timestep from file.
Info: Updating unit cell from timestep.
Warning: Cell basis vectors should be specified before reading trajectory.
TCL: Setting parameter firstTimestep to 2
TCL: Running for 0 steps
ENERGY:       2      1012.6406      2631.9337      2862.2452       173.3578          -8458.4168     -1248.6806         0.0000         0.0000      4338.4782           1311.5581       310.8674     -3026.9201      1323.5714       310.8674

Info: Reading timestep from file.
Info: Updating unit cell from timestep.
Warning: Cell basis vectors should be specified before reading trajectory.
TCL: Setting parameter firstTimestep to 3
TCL: Running for 0 steps
ENERGY:       3       991.8147      2626.3232      2891.1692       174.2176          -8489.7685     -1197.9927         0.0000         0.0000      4338.4782           1334.2416       310.8674     -3004.2365      1347.2043       310.8674

Info: Reading timestep from file.
Info: Updating unit cell from timestep.
Warning: Cell basis vectors should be specified before reading trajectory.
TCL: Setting parameter firstTimestep to 4
TCL: Running for 0 steps
ENERGY:       4       986.6146      2662.8917      2854.5977       168.7567          -8532.0817     -1195.1212         0.0000         0.0000      4338.4782           1284.1359       310.8674     -3054.3423      1296.5950       310.8674

Info: Reading timestep from file.
Info: Updating unit cell from timestep.
Warning: Cell basis vectors should be specified before reading trajectory.
TCL: Setting parameter firstTimestep to 5
TCL: Running for 0 steps
ENERGY:       5      1014.0177      2619.2674      2881.4938       172.6197          -8502.4480     -1151.0489         0.0000         0.0000      4338.4782           1372.3799       310.8674     -2966.0983      1384.0848       310.8674

Info: Reading timestep from file.
Info: Updating unit cell from timestep.
Warning: Cell basis vectors should be specified before reading trajectory.
TCL: Setting parameter firstTimestep to 6
TCL: Running for 0 steps
ENERGY:       6       970.1358      2675.7295      2891.5257       163.0624          -8500.0278     -1198.3469         0.0000         0.0000      4338.4782           1340.5568       310.8674     -2997.9214      1353.3045       310.8674

Info: Reading timestep from file.
Info: Updating unit cell from timestep.
Warning: Cell basis vectors should be specified before reading trajectory.
TCL: Setting parameter firstTimestep to 7
TCL: Running for 0 steps
ENERGY:       7       918.7259      2715.0874      2843.7325       172.3175          -8438.8199     -1180.1131         0.0000         0.0000      4338.4782           1369.4086       310.8674     -2969.0696      1380.5194       310.8674

Info: Reading timestep from file.
Info: Updating unit cell from timestep.
Warning: Cell basis vectors should be specified before reading trajectory.
TCL: Setting parameter firstTimestep to 8
TCL: Running for 0 steps
ENERGY:       8       999.2613      2691.6948      2837.0284       170.7608          -8555.2498     -1140.5798         0.0000         0.0000      4338.4782           1341.3939       310.8674     -2997.0842      1352.8646       310.8674

Info: Reading timestep from file.
Info: Updating unit cell from timestep.
Warning: Cell basis vectors should be specified before reading trajectory.
TCL: Setting parameter firstTimestep to 9
TCL: Running for 0 steps
ENERGY:       9      1011.5860      2688.1981      2871.2605       173.4134          -8449.0419     -1166.5762         0.0000         0.0000      4338.4782           1467.3179       310.8674     -2871.1602      1478.6781       310.8674

Info: Reading timestep from file.
Info: Updating unit cell from timestep.
Warning: Cell basis vectors should be specified before reading trajectory.
TCL: Setting parameter firstTimestep to 10
TCL: Running for 0 steps
ETITLE:      TS           BOND          ANGLE          DIHED          IMPRP               ELECT            VDW       BOUNDARY           MISC        KINETIC               TOTAL           TEMP      POTENTIAL         TOTAL3        TEMPAVG

ENERGY:      10       998.4783      2643.2373      2858.6709       178.5769          -8529.5824     -1167.5779         0.0000         0.0000      4338.4782           1320.2813       310.8674     -3018.1969      1333.2361       310.8674

Info: Reading timestep from file.
Info: Updating unit cell from timestep.
Warning: Cell basis vectors should be specified before reading trajectory.
TCL: Setting parameter firstTimestep to 11
TCL: Running for 0 steps
ENERGY:      11      1007.5231      2721.1702      2869.6874       163.5669          -8527.3592     -1133.3526         0.0000         0.0000      4338.4782           1439.7140       310.8674     -2898.7641      1451.0856       310.8674

Info: Reading timestep from file.
Info: Updating unit cell from timestep.
Warning: Cell basis vectors should be specified before reading trajectory.
TCL: Setting parameter firstTimestep to 12
TCL: Running for 0 steps
ENERGY:      12       996.6989      2675.2333      2885.3250       160.7343          -8543.3627     -1168.1592         0.0000         0.0000      4338.4782           1344.9478       310.8674     -2993.5304      1357.2151       310.8674

Info: Reading timestep from file.
Info: Updating unit cell from timestep.
Warning: Cell basis vectors should be specified before reading trajectory.
TCL: Setting parameter firstTimestep to 13
TCL: Running for 0 steps
ENERGY:      13       977.4209      2698.4421      2821.7131       166.9184          -8503.3140     -1176.0434         0.0000         0.0000      4338.4782           1323.6152       310.8674     -3014.8630      1335.5258       310.8674

Info: Reading timestep from file.
Info: Updating unit cell from timestep.
Warning: Cell basis vectors should be specified before reading trajectory.
TCL: Setting parameter firstTimestep to 14
TCL: Running for 0 steps
ENERGY:      14      1012.1681      2696.9338      2857.8830       163.5055          -8521.9594     -1146.0336         0.0000         0.0000      4338.4782           1400.9756       310.8674     -2937.5026      1412.5900       310.8674

Info: Reading timestep from file.
Info: Updating unit cell from timestep.
Warning: Cell basis vectors should be specified before reading trajectory.
TCL: Setting parameter firstTimestep to 15
TCL: Running for 0 steps
ENERGY:      15      1051.7868      2662.7483      2854.0079       153.9430          -8539.3159     -1153.5330         0.0000         0.0000      4338.4782           1368.1154       310.8674     -2970.3628      1379.6380       310.8674

Info: Reading timestep from file.
Info: Updating unit cell from timestep.
Warning: Cell basis vectors should be specified before reading trajectory.
TCL: Setting parameter firstTimestep to 16
TCL: Running for 0 steps
ENERGY:      16       993.8927      2604.2422      2836.1510       156.5146          -8569.9597     -1178.1280         0.0000         0.0000      4338.4782           1181.1911       310.8674     -3157.2871      1193.9896       310.8674

Info: Reading timestep from file.
Info: Updating unit cell from timestep.
Warning: Cell basis vectors should be specified before reading trajectory.
TCL: Setting parameter firstTimestep to 17
TCL: Running for 0 steps
ENERGY:      17       966.9047      2665.0363      2867.4835       174.6274          -8549.8006     -1168.5052         0.0000         0.0000      4338.4782           1294.2242       310.8674     -3044.2540      1306.9444       310.8674

Info: Reading timestep from file.
Info: Updating unit cell from timestep.
Warning: Cell basis vectors should be specified before reading trajectory.
TCL: Setting parameter firstTimestep to 18
TCL: Running for 0 steps
ENERGY:      18      1033.8315      2688.0135      2840.8217       175.6977          -8326.6959     -1208.2389         0.0000         0.0000      4338.4782           1541.9079       310.8674     -2796.5703      1553.4490       310.8674

Info: Reading timestep from file.
Info: Updating unit cell from timestep.
Warning: Cell basis vectors should be specified before reading trajectory.
TCL: Setting parameter firstTimestep to 19
TCL: Running for 0 steps
ENERGY:      19       979.9031      2686.8670      2831.1843       175.3134          -8477.0695     -1151.0368         0.0000         0.0000      4338.4782           1383.6396       310.8674     -2954.8385      1395.9530       310.8674

LDB: ============= START OF LOAD BALANCING ============== 1.59285
LDB: ============== END OF LOAD BALANCING =============== 1.59286
LDB: =============== DONE WITH MIGRATION ================ 1.59288
Info: Reading timestep from file.
Info: Updating unit cell from timestep.
Warning: Cell basis vectors should be specified before reading trajectory.
TCL: Setting parameter firstTimestep to 20
TCL: Running for 0 steps
ETITLE:      TS           BOND          ANGLE          DIHED          IMPRP               ELECT            VDW       BOUNDARY           MISC        KINETIC               TOTAL           TEMP      POTENTIAL         TOTAL3        TEMPAVG

ENERGY:      20       967.3368      2684.1854      2860.8318       176.5286          -8474.4046     -1156.9466         0.0000         0.0000      4338.4782           1396.0095       310.8674     -2942.4686      1407.4696       310.8674

Info: Reading timestep from file.
Info: Updating unit cell from timestep.
Warning: Cell basis vectors should be specified before reading trajectory.
TCL: Setting parameter firstTimestep to 21
TCL: Running for 0 steps
ENERGY:      21       959.4598      2699.6207      2838.0226       163.7549          -8423.4872     -1185.3142         0.0000         0.0000      4338.4782           1390.5348       310.8674     -2947.9434      1401.9071       310.8674

Info: Reading timestep from file.
Info: Updating unit cell from timestep.
Warning: Cell basis vectors should be specified before reading trajectory.
TCL: Setting parameter firstTimestep to 22
TCL: Running for 0 steps
ENERGY:      22       978.6897      2674.8126      2823.2531       171.7361          -8487.1283     -1129.9618         0.0000         0.0000      4338.4782           1369.8795       310.8674     -2968.5987      1382.3588       310.8674

Info: Reading timestep from file.
Info: Updating unit cell from timestep.
Warning: Cell basis vectors should be specified before reading trajectory.
TCL: Setting parameter firstTimestep to 23
TCL: Running for 0 steps
ENERGY:      23       976.8480      2665.2787      2848.5562       159.8995          -8487.4474     -1180.2922         0.0000         0.0000      4338.4782           1321.3209       310.8674     -3017.1573      1334.5579       310.8674

Info: Reading timestep from file.
Info: Updating unit cell from timestep.
Warning: Cell basis vectors should be specified before reading trajectory.
TCL: Setting parameter firstTimestep to 24
TCL: Running for 0 steps
ENERGY:      24      1026.5131      2685.6241      2888.4447       159.1675          -8497.0575     -1166.8588         0.0000         0.0000      4338.4782           1434.3113       310.8674     -2904.1669      1446.4264       310.8674

Info: Closing coordinate file.
WRITING EXTENDED SYSTEM TO OUTPUT FILE AT STEP 24
WRITING COORDINATES TO OUTPUT FILE AT STEP 24
The last position output (seq=-2) takes 0.000 seconds, 0.000 MB of memory in use
WRITING VELOCITIES TO OUTPUT FILE AT STEP 24
The last velocity output (seq=-2) takes 0.000 seconds, 0.000 MB of memory in use
====================================================

WallClock: 1.853820  CPUTime: 1.835439  Memory: 0.000000 MB
[Partition 0][Node 0] End of program
Process completed successfully with exit code: 0
