 --------------------------------------------------------------------------------------------------------------------
   Title                         Frames                 Mean                        SE                   SD
 --------------------------------------------------------------------------------------------------------------------
 Complex:
   BOND:                             25              21.3715                    0.7636               3.8180
   ANGLE:                            25              62.3992                    1.4331               7.1657
   DIHED:                            25              46.3686                    0.4880               2.4400
   IMPRP:                            25               1.5116                    0.1689               0.8444
   KINETIC:                          25             107.9927                    0.0000               0.0000
   E(ele)+G(sol):                    25             -37.6500                    0.5176               2.5882
   E(VDW):                           25              -0.6573                    0.5911               2.9556
   Total:                            25             -38.3073                    0.6899               3.4493
 --------------------------------------------------------------------------------------------------------------------
 Receptor:
   BOND:                             25               2.9617                    0.3242               1.6208
   ANGLE:                            25               8.5348                    0.4909               2.4547
   DIHED:                            25               8.8499                    0.2271               1.1356
   IMPRP:                            25               0.0000                    0.0000               0.0000
   KINETIC:                          25              18.1724                    0.0000               0.0000
   E(ele)+G(sol):                    25              17.6226                    0.2415               1.2074
   E(VDW):                           25              -0.3541                    0.1292               0.6460
   Total:                            25              17.2686                    0.2771               1.3855
 --------------------------------------------------------------------------------------------------------------------
 Ligand:
   BOND:                             25              18.4098                    0.6351               3.1754
   ANGLE:                            25              53.8644                    1.1035               5.5173
   DIHED:                            25              37.5187                    0.4529               2.2645
   IMPRP:                            25               1.5116                    0.1689               0.8444
   KINETIC:                          25              90.8294                    0.0000               0.0000
   E(ele)+G(sol):                    25             -53.8118                    1.2050               6.0251
   E(VDW):                           25               5.0363                    0.5887               2.9434
   Total:                            25             -48.7755                    1.3571               6.7855
 --------------------------------------------------------------------------------------------------------------------
 Delta:
   BOND:                             25              -0.0000                    0.0000               0.0001
   ANGLE:                            25              -0.0000                    0.0000               0.0001
   DIHED:                            25               0.0000                    0.0000               0.0001
   IMPRP:                            25               0.0000                    0.0000               0.0000
   KINETIC:                          25              -1.0091                    0.0000               0.0000
   E(ele)+G(sol):                    25              -1.4608                    1.1266               5.6328
   E(VDW):                           25              -5.3395                    0.2359               1.1793
   G binding:                        25              -6.8004                +/- 1.1236               5.6180
 --------------------------------------------------------------------------------------------------------------------
 * All energy values are in kcal/mol
