# Project leader: Qifeng Bai, the official site of MolAICal: https://molaical.github.io or https://molaical.gitlab.io #

Executing Linux command: /home/feng/soft/namd3/namd3 +p1 res-lig.conf
Charm++: standalone mode (not using charmrun)
Charm++> Running in Multicore mode: 1 threads (PEs)
Charm++> Using recursive bisection (scheme 3) for topology aware partitions
Converse/Charm++ Commit ID: 
CharmLB> Load balancer assumes all CPUs are same.
Charm++> Running on 1 hosts (1 sockets x 8 cores x 2 PUs = 16-way SMP)
Charm++> cpu topology info is gathered in 0.000 seconds.
Info: Built with CUDA version 11080
Did not find +devices i,j,k,... argument, using all
Pe 0 physical rank 0 binding to CUDA device 0 on feng-System-Product-Name: 'NVIDIA GeForce RTX 2070 SUPER'  Mem: 7959MB  Rev: 7.5  PCI: 0:1:0
CharmLB> Load balancing instrumentation for communication is off.
Info: NAMD 3.0.1 for Linux-x86_64-multicore-CUDA
Info: 
Info: Please visit http://www.ks.uiuc.edu/Research/namd/
Info: for updates, documentation, and support information.
Info: 
Info: Please cite Phillips et al., J. Chem. Phys. 153:044130 (2020) doi:10.1063/5.0014475
Info: in all publications reporting results obtained with NAMD.
Info: 
Info: Based on Charm++/Converse 80000 for multicore-linux-x86_64-gcc
Info: Built Mon Oct 14 10:33:44 CDT 2024 by dhardy on athine.ks.uiuc.edu
Info: 1 NAMD  3.0.1  Linux-x86_64-multicore-CUDA  1    feng-System-Product-Name  feng
Info: Running on 1 processors, 1 nodes, 1 physical nodes.
Info: CPU topology information available.
Info: Charm++/Converse parallel runtime startup completed at 0.0820014 s
CkLoopLib is used in SMP with simple dynamic scheduling (converse-level notification)
Info: 0 MB of memory in use based on /proc/self/stat
Info: Configuration file is res-lig.conf
Info: Working in the current directory /home/feng/tutorial/004-MMGBSA/Decompose
TCL: Suspending until startup complete.
Warning: The parameter fullElectFrequency now defaults to nonbondedFreq (1) rather than stepsPerCycle.
Warning: Always using force tables for GPU nonbonded kernel due to unsupported config parameters.
Info: SIMULATION PARAMETERS:
Info: TIMESTEP               1
Info: NUMBER OF STEPS        1
Info: STEPS PER CYCLE        20
Info: LOAD BALANCER  Centralized
Info: LOAD BALANCING STRATEGY  New Load Balancers -- DEFAULT
Info: LDB PERIOD             4000 steps
Info: FIRST LDB TIMESTEP     100
Info: LAST LDB TIMESTEP     -1
Info: LDB BACKGROUND SCALING 1
Info: HOM BACKGROUND SCALING 1
Info: MIN ATOMS PER PATCH    40
Info: EMPTY PATCH LOAD       40 ATOMS
Info: INITIAL TEMPERATURE    310
Info: CENTER OF MASS MOVING INITIALLY? YES
Info: DIELECTRIC             1
Info: EXCLUDE                SCALED ONE-FOUR
Info: 1-4 ELECTROSTATICS SCALED BY 1
Info: MODIFIED 1-4 VDW PARAMETERS WILL BE USED
Info: NO DCD TRAJECTORY OUTPUT
Info: NO EXTENDED SYSTEM TRAJECTORY OUTPUT
Info: NO VELOCITY DCD OUTPUT
Info: NO FORCE DCD OUTPUT
Info: OUTPUT FILENAME        res-lig
Info: BINARY OUTPUT FILES WILL BE USED
Info: NO RESTART FILE
Info: SWITCHING ACTIVE
Info: SWITCHING ON           15
Info: SWITCHING OFF          16
Info: PAIRLIST DISTANCE      16
Info: PAIRLIST SHRINK RATE   0.01
Info: PAIRLIST GROW RATE     0.01
Info: PAIRLIST TRIGGER       0.3
Info: PAIRLISTS PER CYCLE    2
Info: PAIRLISTS ENABLED
Info: MARGIN                 0
Info: HYDROGEN GROUP CUTOFF  2.5
Info: PATCH DIMENSION        18.5
Info: OUTPUT ENERGY PRECISION 4
Info: CROSSTERM ENERGY INCLUDED IN DIHEDRAL
Info: TIMING OUTPUT STEPS    100
Info: GBIS GENERALIZED BORN IMPLICIT SOLVENT ACTIVE
Info: GBIS SOLVENT DIELECTRIC: 78.5
Info: GBIS PROTEIN DIELECTRIC: 1
Info: GBIS COULOMB RADIUS OFFSET: 0.09 Ang
Info: GBIS ION CONCENTRATION: 0.15 M
Info: GBIS DEBYE SCREENING LENGTH: 8.00884 Ang
Info: GBIS DELTA: 1
Info: GBIS BETA: 0.8
Info: GBIS GAMMA: 4.85
Info: GBIS BORN RADIUS CUTOFF: 15 Ang
Info: GBIS MAX BORN RADIUS: 30 Ang
Info: SASA SURFACE TENSION: 0.0072 kcal/mol/Ang^2
Info: FULL ELECTROSTATIC EVALUATION FREQUENCY      1
Info: USING VERLET I (r-RESPA) MTS SCHEME.
Info: C1 SPLITTING OF LONG RANGE ELECTROSTATICS
Info: PLACING ATOMS IN PATCHES BY HYDROGEN GROUPS
Info: RANDOM NUMBER SEED     12345
Info: USE HYDROGEN BONDS?    NO
Info: COORDINATE PDB         res-lig.pdb
Info: STRUCTURE FILE         res-lig.psf
Info: PARAMETER file: CHARMM format! 
Info: PARAMETERS             ../par_all36_prot.prm
Info: PARAMETERS             ../par_all36_cgenff.prm
Info: PARAMETERS             ../ligand.str
Info: PARAMETERS             ../toppar_water_ions.str
Info: USING ARITHMETIC MEAN TO COMBINE L-J SIGMA PARAMETERS
Info: SKIPPING rtf SECTION IN STREAM FILE
Info: SUMMARY OF PARAMETERS:
Info: 664 BONDS
Info: 2020 ANGLES
Info: 4889 DIHEDRAL
Info: 164 IMPROPER
Info: 6 CROSSTERM
Info: 227 VDW
Info: 51 VDW_PAIRS
Info: 0 NBTHOLE_PAIRS
Info: TIME FOR READING PSF FILE: 0.00504631
Info: Reading pdb file res-lig.pdb
Info: TIME FOR READING PDB FILE: 0.000106655
Info: 
Info: ****************************
Info: STRUCTURE SUMMARY:
Info: 116 ATOMS
Info: 117 BONDS
Info: 208 ANGLES
Info: 292 DIHEDRALS
Info: 5 IMPROPERS
Info: 0 CROSSTERMS
Info: 0 EXCLUSIONS
Info: 348 DEGREES OF FREEDOM
Info: 57 HYDROGEN GROUPS
Info: 4 ATOMS IN LARGEST HYDROGEN GROUP
Info: 57 MIGRATION GROUPS
Info: 4 ATOMS IN LARGEST MIGRATION GROUP
Info: TOTAL MASS = 814.015 amu
Info: TOTAL CHARGE = 8.75443e-08 e
Info: *****************************
Info: 
Info: Entering startup at 0.164239 s, 0 MB of memory in use
Info: Startup phase 0 took 2.1635e-05 s, 0 MB of memory in use
Info: ADDED 604 IMPLICIT EXCLUSIONS
Info: Startup phase 1 took 0.00113304 s, 0 MB of memory in use
Info: NONBONDED TABLE R-SQUARED SPACING: 0.0625
Info: NONBONDED TABLE SIZE: 833 POINTS
Info: ABSOLUTE IMPRECISION IN FAST TABLE ENERGY: 1.69407e-21 AT 15.998
Info: RELATIVE IMPRECISION IN FAST TABLE ENERGY: 1.15453e-16 AT 15.998
Info: ABSOLUTE IMPRECISION IN FAST TABLE FORCE: 8.47033e-22 AT 15.998
Info: RELATIVE IMPRECISION IN FAST TABLE FORCE: 1.14081e-16 AT 15.998
Info: INCONSISTENCY IN FAST TABLE ENERGY VS FORCE: 0.000290362 AT 0.251946
Info: INCONSISTENCY IN VDWA TABLE ENERGY VS FORCE: 0.0167626 AT 14.9979
Info: INCONSISTENCY IN VDWB TABLE ENERGY VS FORCE: 0.0678971 AT 14.9979
Info: Startup phase 2 took 0.000907818 s, 0 MB of memory in use
Info: Startup phase 3 took 1.4602e-05 s, 0 MB of memory in use
Info: Startup phase 4 took 9.941e-06 s, 0 MB of memory in use
Info: Startup phase 5 took 9.222e-06 s, 0 MB of memory in use
Info: ORIGINAL ATOMS MINMAX IS -19.07 0.808 62.47  -4.159 22.247 74.653
Info: ADJUSTED ATOMS MINMAX IS -16.673 4.44663 63.8555  -6.913 19.6104 74.0005
Info: PATCH GRID IS 2 BY 1 BY 1
Info: PATCH GRID IS 1-AWAY BY 1-AWAY BY 1-AWAY
Info: LARGEST PATCH (0) HAS 60 ATOMS
Info: TORUS A SIZE 1 USING 0
Info: TORUS B SIZE 1 USING 0
Info: TORUS C SIZE 1 USING 0
Info: TORUS MINIMAL MESH SIZE IS 1 BY 1 BY 1
Info: Placed 100% of base nodes on same physical node as patch
Info: Startup phase 6 took 9.6548e-05 s, 0 MB of memory in use
Info: Startup phase 7 took 2.7125e-05 s, 0 MB of memory in use
Info: Updated CUDA force table with 4096 elements.
Info: Updated CUDA LJ table with 227 x 227 elements.
Info: Startup phase 8 took 0.00148066 s, 0 MB of memory in use
Info: Startup phase 9 took 2.0674e-05 s, 0 MB of memory in use
Info: Startup phase 10 took 1.0449e-05 s, 0 MB of memory in use
Info: Startup phase 11 took 9.849e-06 s, 0 MB of memory in use
LDB: Central LB being created...
Info: Startup phase 12 took 1.5872e-05 s, 0 MB of memory in use
Info: CREATING 25 COMPUTE OBJECTS
Info: Found 111 unique exclusion lists needing 1352 bytes
Info: Startup phase 13 took 0.0055492 s, 0 MB of memory in use
Info: Startup phase 14 took 4.5409e-05 s, 0 MB of memory in use
Info: Startup phase 15 took 1.7788e-05 s, 0 MB of memory in use
Info: Finished startup at 0.173609 s, 0 MB of memory in use

dcdplugin) detected standard 32-bit DCD file of native endianness
dcdplugin) CHARMM format DCD file (also NAMD 2.1 and later)
Info: Coordinate file res-lig.dcd opened for reading.
Info: Reading timestep from file.
Info: Updating unit cell from timestep.
Warning: Cell basis vectors should be specified before reading trajectory.
TCL: Setting parameter firstTimestep to 0
TCL: Running for 0 steps
Warning: Energy evaluation is expensive, increase computeEnergies to improve performance.
Warning: If computeEnergies is not defined, its value defaults to the same as outputEnergies, and increasing outputEnergies would be helpful to improve the performance.
ETITLE:      TS           BOND          ANGLE          DIHED          IMPRP               ELECT            VDW       BOUNDARY           MISC        KINETIC               TOTAL           TEMP      POTENTIAL         TOTAL3        TEMPAVG

ENERGY:       0        20.4145        62.1438        46.8238         0.9528            -35.8960        -0.5456         0.0000         0.0000       104.8050            198.6983       303.1052        93.8933       198.9603       303.1052

Info: Reading timestep from file.
Info: Updating unit cell from timestep.
Warning: Cell basis vectors should be specified before reading trajectory.
TCL: Setting parameter firstTimestep to 1
TCL: Running for 0 steps
ENERGY:       1        19.2233        48.1338        49.3503         0.9765            -36.4599         3.9835         0.0000         0.0000       104.8050            190.0125       303.1052        85.2075       190.4049       303.1052

Info: Reading timestep from file.
Info: Updating unit cell from timestep.
Warning: Cell basis vectors should be specified before reading trajectory.
TCL: Setting parameter firstTimestep to 2
TCL: Running for 0 steps
ENERGY:       2        16.0467        50.4427        49.1223         1.5865            -38.1068        -0.1004         0.0000         0.0000       104.8050            183.7959       303.1052        78.9909       184.1834       303.1052

Info: Reading timestep from file.
Info: Updating unit cell from timestep.
Warning: Cell basis vectors should be specified before reading trajectory.
TCL: Setting parameter firstTimestep to 3
TCL: Running for 0 steps
ENERGY:       3        23.1845        61.1336        45.1721         0.2022            -36.0017        -5.0964         0.0000         0.0000       104.8050            193.3994       303.1052        88.5943       193.6670       303.1052

Info: Reading timestep from file.
Info: Updating unit cell from timestep.
Warning: Cell basis vectors should be specified before reading trajectory.
TCL: Setting parameter firstTimestep to 4
TCL: Running for 0 steps
ENERGY:       4        19.5678        51.5232        48.6659         1.1479            -33.9873        -3.3954         0.0000         0.0000       104.8050            188.3273       303.1052        83.5223       188.6716       303.1052

Info: Reading timestep from file.
Info: Updating unit cell from timestep.
Warning: Cell basis vectors should be specified before reading trajectory.
TCL: Setting parameter firstTimestep to 5
TCL: Running for 0 steps
ENERGY:       5        35.0254        64.0953        45.6272         2.8862            -38.8316        -5.7025         0.0000         0.0000       104.8050            207.9050       303.1052       103.0999       207.9277       303.1052

Info: Reading timestep from file.
Info: Updating unit cell from timestep.
Warning: Cell basis vectors should be specified before reading trajectory.
TCL: Setting parameter firstTimestep to 6
TCL: Running for 0 steps
ENERGY:       6        21.8727        61.7401        44.4013         1.4050            -35.3669        -1.5101         0.0000         0.0000       104.8050            197.3471       303.1052        92.5420       197.4714       303.1052

Info: Reading timestep from file.
Info: Updating unit cell from timestep.
Warning: Cell basis vectors should be specified before reading trajectory.
TCL: Setting parameter firstTimestep to 7
TCL: Running for 0 steps
ENERGY:       7        22.6911        74.4118        48.4364         2.2760            -36.2980        -1.1715         0.0000         0.0000       104.8050            215.1508       303.1052       110.3458       215.2047       303.1052

Info: Reading timestep from file.
Info: Updating unit cell from timestep.
Warning: Cell basis vectors should be specified before reading trajectory.
TCL: Setting parameter firstTimestep to 8
TCL: Running for 0 steps
ENERGY:       8        24.0159        70.9637        46.0937         3.1482            -36.2127        -5.0278         0.0000         0.0000       104.8050            207.7861       303.1052       102.9810       207.8203       303.1052

Info: Reading timestep from file.
Info: Updating unit cell from timestep.
Warning: Cell basis vectors should be specified before reading trajectory.
TCL: Setting parameter firstTimestep to 9
TCL: Running for 0 steps
ENERGY:       9        20.5343        60.4630        47.1422         1.7994            -42.2663        -2.9398         0.0000         0.0000       104.8050            189.5378       303.1052        84.7327       189.8433       303.1052

Info: Reading timestep from file.
Info: Updating unit cell from timestep.
Warning: Cell basis vectors should be specified before reading trajectory.
TCL: Setting parameter firstTimestep to 10
TCL: Running for 0 steps
ETITLE:      TS           BOND          ANGLE          DIHED          IMPRP               ELECT            VDW       BOUNDARY           MISC        KINETIC               TOTAL           TEMP      POTENTIAL         TOTAL3        TEMPAVG

ENERGY:      10        15.8541        61.7268        45.9819         1.0550            -38.3713         0.3403         0.0000         0.0000       104.8050            191.3917       303.1052        86.5867       191.7283       303.1052

Info: Reading timestep from file.
Info: Updating unit cell from timestep.
Warning: Cell basis vectors should be specified before reading trajectory.
TCL: Setting parameter firstTimestep to 11
TCL: Running for 0 steps
ENERGY:      11        20.0328        52.2435        48.0677         2.6050            -34.7668        -0.4699         0.0000         0.0000       104.8050            192.5173       303.1052        87.7122       192.9357       303.1052

Info: Reading timestep from file.
Info: Updating unit cell from timestep.
Warning: Cell basis vectors should be specified before reading trajectory.
TCL: Setting parameter firstTimestep to 12
TCL: Running for 0 steps
ENERGY:      12        22.1158        63.2101        44.7757         2.4908            -40.6547        -2.2706         0.0000         0.0000       104.8050            194.4722       303.1052        89.6671       194.7712       303.1052

Info: Reading timestep from file.
Info: Updating unit cell from timestep.
Warning: Cell basis vectors should be specified before reading trajectory.
TCL: Setting parameter firstTimestep to 13
TCL: Running for 0 steps
ENERGY:      13        19.7510        63.6503        41.6364         0.7590            -42.7831         6.7006         0.0000         0.0000       104.8050            194.5193       303.1052        89.7142       194.7980       303.1052

Info: Reading timestep from file.
Info: Updating unit cell from timestep.
Warning: Cell basis vectors should be specified before reading trajectory.
TCL: Setting parameter firstTimestep to 14
TCL: Running for 0 steps
ENERGY:      14        24.2232        77.2753        44.8703         1.1207            -37.9848         0.9422         0.0000         0.0000       104.8050            215.2520       303.1052       110.4469       215.2766       303.1052

Info: Reading timestep from file.
Info: Updating unit cell from timestep.
Warning: Cell basis vectors should be specified before reading trajectory.
TCL: Setting parameter firstTimestep to 15
TCL: Running for 0 steps
ENERGY:      15        18.9547        60.6688        49.6702         1.7116            -35.4284         0.2156         0.0000         0.0000       104.8050            200.5976       303.1052        95.7925       200.8493       303.1052

Info: Reading timestep from file.
Info: Updating unit cell from timestep.
Warning: Cell basis vectors should be specified before reading trajectory.
TCL: Setting parameter firstTimestep to 16
TCL: Running for 0 steps
ENERGY:      16        19.0668        62.9183        47.0307         1.0735            -35.1038         0.6138         0.0000         0.0000       104.8050            200.4043       303.1052        95.5992       200.7039       303.1052

Info: Reading timestep from file.
Info: Updating unit cell from timestep.
Warning: Cell basis vectors should be specified before reading trajectory.
TCL: Setting parameter firstTimestep to 17
TCL: Running for 0 steps
ENERGY:      17        21.9528        54.6343        43.2750         0.1924            -39.0743         5.2043         0.0000         0.0000       104.8050            190.9896       303.1052        86.1845       191.3999       303.1052

Info: Reading timestep from file.
Info: Updating unit cell from timestep.
Warning: Cell basis vectors should be specified before reading trajectory.
TCL: Setting parameter firstTimestep to 18
TCL: Running for 0 steps
ENERGY:      18        20.2810        68.0717        41.9709         1.8608            -37.8167        -2.9995         0.0000         0.0000       104.8050            196.1733       303.1052        91.3682       196.4039       303.1052

Info: Reading timestep from file.
Info: Updating unit cell from timestep.
Warning: Cell basis vectors should be specified before reading trajectory.
TCL: Setting parameter firstTimestep to 19
TCL: Running for 0 steps
ENERGY:      19        22.2186        56.9572        48.5043         1.1585            -38.2946        -1.0703         0.0000         0.0000       104.8050            194.2788       303.1052        89.4738       194.5296       303.1052

LDB: ============= START OF LOAD BALANCING ============== 0.196547
LDB: ============== END OF LOAD BALANCING =============== 0.196558
LDB: =============== DONE WITH MIGRATION ================ 0.196567
Info: Reading timestep from file.
Info: Updating unit cell from timestep.
Warning: Cell basis vectors should be specified before reading trajectory.
TCL: Setting parameter firstTimestep to 20
TCL: Running for 0 steps
ETITLE:      TS           BOND          ANGLE          DIHED          IMPRP               ELECT            VDW       BOUNDARY           MISC        KINETIC               TOTAL           TEMP      POTENTIAL         TOTAL3        TEMPAVG

ENERGY:      20        23.3236        61.5454        46.4425         3.1864            -34.8675         1.7170         0.0000         0.0000       104.8050            206.1524       303.1052       101.3473       206.3655       303.1052

Info: Reading timestep from file.
Info: Updating unit cell from timestep.
Warning: Cell basis vectors should be specified before reading trajectory.
TCL: Setting parameter firstTimestep to 21
TCL: Running for 0 steps
ENERGY:      21        24.4365        67.8991        49.8963         1.7225            -43.5470        -0.8792         0.0000         0.0000       104.8050            204.3333       303.1052        99.5283       204.5196       303.1052

Info: Reading timestep from file.
Info: Updating unit cell from timestep.
Warning: Cell basis vectors should be specified before reading trajectory.
TCL: Setting parameter firstTimestep to 22
TCL: Running for 0 steps
ENERGY:      22        15.3116        65.5768        41.3728         0.2434            -40.5947         1.3442         0.0000         0.0000       104.8050            188.0591       303.1052        83.2540       188.3664       303.1052

Info: Reading timestep from file.
Info: Updating unit cell from timestep.
Warning: Cell basis vectors should be specified before reading trajectory.
TCL: Setting parameter firstTimestep to 23
TCL: Running for 0 steps
ENERGY:      23        18.9336        67.7827        46.6232         1.2797            -35.3759        -3.0707         0.0000         0.0000       104.8050            200.9776       303.1052        96.1725       201.1719       303.1052

Info: Reading timestep from file.
Info: Updating unit cell from timestep.
Warning: Cell basis vectors should be specified before reading trajectory.
TCL: Setting parameter firstTimestep to 24
TCL: Running for 0 steps
ENERGY:      24        25.2580        70.7675        48.2628         0.9508            -37.1565        -1.2369         0.0000         0.0000       104.8050            211.6509       303.1052       106.8458       211.8487       303.1052

Info: Closing coordinate file.
WRITING EXTENDED SYSTEM TO OUTPUT FILE AT STEP 24
WRITING COORDINATES TO OUTPUT FILE AT STEP 24
The last position output (seq=-2) takes 0.000 seconds, 0.000 MB of memory in use
WRITING VELOCITIES TO OUTPUT FILE AT STEP 24
The last velocity output (seq=-2) takes 0.000 seconds, 0.000 MB of memory in use
====================================================

WallClock: 0.201349  CPUTime: 0.184314  Memory: 0.000000 MB
[Partition 0][Node 0] End of program
Process completed successfully with exit code: 0
