 --------------------------------------------------------------------------------------------------------------------
   Title                         Frames                 Mean                        SE                   SD
 --------------------------------------------------------------------------------------------------------------------
 Complex:
   BOND:                             10             593.0372                   15.1001              47.7509
   ANGLE:                            10            1963.8178                   11.7803              37.2526
   DIHED:                            10            3682.5909                    1.0958               3.4651
   IMPRP:                            10              98.0031                    0.4624               1.4623
   KINETIC:                          10            5960.8037                    0.0000               0.0000
   Elec:                             10           -4700.6480                    7.4497              23.5581
   Vdw:                              10            1018.8138                   26.9651              85.2712
   PB:                               10          109872.4423                   19.4642              61.5513
   SA:                               10             174.5379                    0.0077               0.0242
   Gas:                              10           -3681.8342                   34.4137             108.8256
   Sol:                              10          110046.9802                   19.4715              61.5742
   Pol:                              10          105171.7943                   26.8868              85.0234
   Npol:                             10            1193.3517                   26.9725              85.2946
   Total:                            10          106365.1460                   53.8163             170.1821
 --------------------------------------------------------------------------------------------------------------------
 Receptor:
   BOND:                             10             577.4950                   14.9935              47.4137
   ANGLE:                            10            1890.4873                   11.9075              37.6549
   DIHED:                            10            3432.6993                    1.0525               3.3283
   IMPRP:                            10              91.1421                    0.4861               1.5371
   KINETIC:                          10            5547.9388                    0.0000               0.0000
   Elec:                             10           -4264.9343                    6.3031              19.9320
   Vdw:                              10            1058.6796                   25.6058              80.9727
   PB:                               10          101375.7845                   19.5958              61.9675
   SA:                               10             175.4646                    0.0051               0.0160
   Gas:                              10           -3206.2547                   31.9067             100.8978
   Sol:                              10          101551.2491                   19.6003              61.9814
   Pol:                              10           97110.8502                   25.8847              81.8545
   Npol:                             10            1234.1442                   25.6104              80.9872
   Total:                            10           98344.9944                   51.4542             162.7126
 --------------------------------------------------------------------------------------------------------------------
 Ligand:
   BOND:                             10              15.5422                    0.1119               0.3540
   ANGLE:                            10              73.3305                    0.1288               0.4072
   DIHED:                            10             249.8916                    0.0433               0.1369
   IMPRP:                            10               6.8610                    0.0245               0.0773
   KINETIC:                          10             417.6578                    0.0000               0.0000
   Elec:                             10            -254.6910                    0.5511               1.7429
   Vdw:                              10               7.7489                    0.6252               1.9771
   PB:                               10            8445.2613                    4.8455              15.3228
   SA:                               10              22.4817                    0.0007               0.0022
   Gas:                              10            -246.9421                    1.1762               3.7196
   Sol:                              10            8467.7431                    4.8452              15.3219
   Pol:                              10            8190.5704                    5.3960              17.0637
   Npol:                             10              30.2307                    0.6250               1.9763
   Total:                            10            8220.8010                    6.0208              19.0395
 --------------------------------------------------------------------------------------------------------------------
 Delta:
   BOND:                             10              -0.0000                    0.0000               0.0000
   ANGLE:                            10               0.0000                    0.0000               0.0000
   DIHED:                            10               0.0000                    0.0000               0.0001
   IMPRP:                            10              -0.0000                    0.0000               0.0000
   KINETIC:                          10              -4.7929                    0.0000               0.0000
   Elec:                             10            -181.0227                    0.6027               1.9058
   Vdw:                              10             -47.6148                    0.7345               2.3226
   PB:                               10              51.3965                    4.9932              15.7900
   SA:                               10             -23.4084                    0.0034               0.0106
   Gas:                              10            -228.6375                    1.3350               4.2217
   Sol:                              10              27.9881                    4.9902              15.7804
   Pol:                              10            -129.6262                    4.3946              13.8970
   Npol:                             10             -71.0231                    0.7375               2.3323
   G binding:                        10            -200.6494                +/- 3.6576              11.5662
 --------------------------------------------------------------------------------------------------------------------
 * All energy values are in kcal/mol
